// Jest Snapshot v1, https://goo.gl/fbAQLP

exports[`CheckoutButtonContainer matches snapshot 1`] = `
<div
  class="checkout-button-container"
>
  <p>
    Check out faster with:
  </p>
  <div
    class="checkout-buttons--2"
  >
    <div
      class="checkoutRemote customer-skeleton"
    >
      <div
        class="skeleton-container"
      >
        <div
          class="input-skeleton"
        />
      </div>
      <div
        class="skeleton-container"
      >
        <div
          class="input-skeleton"
        />
      </div>
    </div>
    <div
      class="loading-skeleton"
      style="position:absolute;left:100%;top:-100%"
    >
      <div
        class="checkoutRemote"
      >
        <div
          class="AmazonPayContainer"
        >
          <div
            id="amazonpayCheckoutButton"
          />
        </div>
        <div
          id="braintreevisacheckoutCheckoutButton"
        />
      </div>
    </div>
  </div>
  <div
    class="checkout-separator"
  >
    <span>
      OR
    </span>
  </div>
</div>
`;
